logic__48: 
datapath__20: 
logic__8: 
case__2: 
datapath__2: 
logic__76: 
case__12: 
datapath__3: 
logic__20: 
muxpart__1: 
logic__69: 
logic__12: 
datapath__11: 
clk_div: 
Dflipflop: 
datapath__23: 
datapath__22: 
logic__70: 
case__26: 
datapath__18: 
case__3: 
logic__2: 
datapath__24: 
datapath__9: 
datapath__19: 
logic__49: 
case__21: 
LED_RUNNER: 
datapath__12: 
datapath__1: 
logic__79: 
case: 
case__6: 
reg__3: 
case__27: 
BIN_2_DEC_SEG: 
logic__87: 
counter__1: 
case__20: 
datapath: 
sseg_dec: 
reg__6: 
muxpart: 
logic__10: 
case__24: 
case__23: 
encoder16bit: 
datapath__17: 
datapath__10: 
logic__37: 
logic__89: 
muxpart__2: 
logic__72: 
logic: 
logic__22: 
datapath__25: 
logic__88: 
logic__24: 
case__22: 
case__28: 
case__11: 
case__29: 
reg__2: 
logic__4: 
reg__1: 
reg__4: 
logic__50: 
muxpart__3: 
main: 
datapath__26: 
case__18: 
case__4: 
reg__7: 
case__19: 
clk_div2: 
case__5: 
reg: 
bin2bcdconv: 
logic__6: 
case__25: 
logic__71: 
datapath__4: 
counter: 
datapath__6: 
datapath__21: 
datapath__5: 
reg__5: 
